#-----------------------------------------------------------
# Vivado v2025.2 (64-bit)
# SW Build 6299465 on Fri Nov 14 19:35:11 GMT 2025
# IP Build 6300035 on Fri Nov 14 10:48:45 MST 2025
# SharedData Build 6298862 on Thu Nov 13 04:50:51 MST 2025
# Start of session at: Sat Jan 17 06:16:28 2026
# Process ID         : 37600
# Current directory  : E:/FPGA/uOttaHack_FPGA/fpga_top/fpga_top.runs/impl_1
# Command line       : vivado.exe -log fpga_top.vdi -applog -product Vivado -messageDb vivado.pb -mode batch -source fpga_top.tcl -notrace
# Log file           : E:/FPGA/uOttaHack_FPGA/fpga_top/fpga_top.runs/impl_1/fpga_top.vdi
# Journal file       : E:/FPGA/uOttaHack_FPGA/fpga_top/fpga_top.runs/impl_1\vivado.jou
# Running On         : MSI
# Platform           : Windows Server 2016 or Windows 10
# Operating System   : 26200
# Processor Detail   : 12th Gen Intel(R) Core(TM) i9-12900HX
# CPU Frequency      : 2496 MHz
# CPU Physical cores : 16
# CPU Logical cores  : 24
# Host memory        : 34045 MB
# Swap memory        : 6174 MB
# Total Virtual      : 40219 MB
# Available Virtual  : 16576 MB
#-----------------------------------------------------------
source fpga_top.tcl -notrace
